Fitter report for CPU
Tue Dec 13 19:19:37 2016
Quartus II 64-Bit Version 13.1.0 Build 162 10/23/2013 SJ Web Edition


---------------------
; Table of Contents ;
---------------------
  1. Legal Notice
  2. Fitter Summary
  3. Fitter Settings
  4. Parallel Compilation
  5. Pin-Out File
  6. Fitter Resource Usage Summary
  7. Input Pins
  8. Output Pins
  9. I/O Bank Usage
 10. All Package Pins
 11. Output Pin Default Load For Reported TCO
 12. Fitter Resource Utilization by Entity
 13. Delay Chain Summary
 14. Control Signals
 15. Global & Other Fast Signals
 16. Non-Global High Fan-Out Signals
 17. Routing Usage Summary
 18. LAB Logic Elements
 19. LAB-wide Signals
 20. LAB Signals Sourced
 21. LAB Signals Sourced Out
 22. LAB Distinct Inputs
 23. Fitter Device Options
 24. Fitter Messages
 25. Fitter Suppressed Messages



----------------
; Legal Notice ;
----------------
Copyright (C) 1991-2013 Altera Corporation
Your use of Altera Corporation's design tools, logic functions 
and other software and tools, and its AMPP partner logic 
functions, and any output files from any of the foregoing 
(including device programming or simulation files), and any 
associated documentation or information are expressly subject 
to the terms and conditions of the Altera Program License 
Subscription Agreement, Altera MegaCore Function License 
Agreement, or other applicable license agreement, including, 
without limitation, that your use is for the sole purpose of 
programming logic devices manufactured by Altera and sold by 
Altera or its authorized distributors.  Please refer to the 
applicable agreement for further details.



+------------------------------------------------------------------------+
; Fitter Summary                                                         ;
+---------------------------+--------------------------------------------+
; Fitter Status             ; Successful - Tue Dec 13 19:19:37 2016      ;
; Quartus II 64-Bit Version ; 13.1.0 Build 162 10/23/2013 SJ Web Edition ;
; Revision Name             ; CPU                                        ;
; Top-level Entity Name     ; CPU                                        ;
; Family                    ; MAX V                                      ;
; Device                    ; 5M80ZT100C4                                ;
; Timing Models             ; Final                                      ;
; Total logic elements      ; 48 / 80 ( 60 % )                           ;
; Total pins                ; 36 / 79 ( 46 % )                           ;
; Total virtual pins        ; 0                                          ;
; UFM blocks                ; 0 / 1 ( 0 % )                              ;
+---------------------------+--------------------------------------------+


+----------------------------------------------------------------------------------------------------------------------------------------------+
; Fitter Settings                                                                                                                              ;
+----------------------------------------------------------------------------+--------------------------------+--------------------------------+
; Option                                                                     ; Setting                        ; Default Value                  ;
+----------------------------------------------------------------------------+--------------------------------+--------------------------------+
; Device                                                                     ; auto                           ;                                ;
; Fit Attempts to Skip                                                       ; 0                              ; 0.0                            ;
; Use smart compilation                                                      ; Off                            ; Off                            ;
; Enable parallel Assembler and TimeQuest Timing Analyzer during compilation ; On                             ; On                             ;
; Enable compact report table                                                ; Off                            ; Off                            ;
; Router Timing Optimization Level                                           ; Normal                         ; Normal                         ;
; Placement Effort Multiplier                                                ; 1.0                            ; 1.0                            ;
; Router Effort Multiplier                                                   ; 1.0                            ; 1.0                            ;
; Always Enable Input Buffers                                                ; Off                            ; Off                            ;
; Optimize Hold Timing                                                       ; IO Paths and Minimum TPD Paths ; IO Paths and Minimum TPD Paths ;
; Optimize Multi-Corner Timing                                               ; Off                            ; Off                            ;
; Guarantee I/O Paths Have Zero Hold Time at Fast Corner                     ; On                             ; On                             ;
; PowerPlay Power Optimization                                               ; Normal compilation             ; Normal compilation             ;
; Optimize Timing                                                            ; Normal compilation             ; Normal compilation             ;
; Optimize Timing for ECOs                                                   ; Off                            ; Off                            ;
; Regenerate full fit report during ECO compiles                             ; Off                            ; Off                            ;
; Optimize IOC Register Placement for Timing                                 ; Normal                         ; Normal                         ;
; Limit to One Fitting Attempt                                               ; Off                            ; Off                            ;
; Final Placement Optimizations                                              ; Automatically                  ; Automatically                  ;
; Fitter Aggressive Routability Optimizations                                ; Automatically                  ; Automatically                  ;
; Fitter Initial Placement Seed                                              ; 1                              ; 1                              ;
; Slow Slew Rate                                                             ; Off                            ; Off                            ;
; PCI I/O                                                                    ; Off                            ; Off                            ;
; Weak Pull-Up Resistor                                                      ; Off                            ; Off                            ;
; Enable Bus-Hold Circuitry                                                  ; Off                            ; Off                            ;
; Auto Delay Chains                                                          ; On                             ; On                             ;
; Auto Delay Chains for High Fanout Input Pins                               ; Off                            ; Off                            ;
; Perform Physical Synthesis for Combinational Logic for Performance         ; Off                            ; Off                            ;
; Perform Register Duplication for Performance                               ; Off                            ; Off                            ;
; Perform Register Retiming for Performance                                  ; Off                            ; Off                            ;
; Perform Asynchronous Signal Pipelining                                     ; Off                            ; Off                            ;
; Fitter Effort                                                              ; Auto Fit                       ; Auto Fit                       ;
; Physical Synthesis Effort Level                                            ; Normal                         ; Normal                         ;
; Logic Cell Insertion - Logic Duplication                                   ; Auto                           ; Auto                           ;
; Auto Register Duplication                                                  ; Auto                           ; Auto                           ;
; Auto Global Clock                                                          ; On                             ; On                             ;
; Auto Global Register Control Signals                                       ; On                             ; On                             ;
; Force Fitter to Avoid Periphery Placement Warnings                         ; Off                            ; Off                            ;
+----------------------------------------------------------------------------+--------------------------------+--------------------------------+


+------------------------------------------+
; Parallel Compilation                     ;
+----------------------------+-------------+
; Processors                 ; Number      ;
+----------------------------+-------------+
; Number detected on machine ; 4           ;
; Maximum allowed            ; 4           ;
;                            ;             ;
; Average used               ; 1.00        ;
; Maximum used               ; 4           ;
;                            ;             ;
; Usage by Processor         ; % Time Used ;
;     Processor 1            ; 100.0%      ;
;     Processors 2-4         ; < 0.1%      ;
+----------------------------+-------------+


+--------------+
; Pin-Out File ;
+--------------+
The pin-out file can be found in /home/CIN/phts/Desktop/CPU/output_files/CPU.pin.


+----------------------------------------------------------------+
; Fitter Resource Usage Summary                                  ;
+---------------------------------------------+------------------+
; Resource                                    ; Usage            ;
+---------------------------------------------+------------------+
; Total logic elements                        ; 48 / 80 ( 60 % ) ;
;     -- Combinational with no register       ; 33               ;
;     -- Register only                        ; 0                ;
;     -- Combinational with a register        ; 15               ;
;                                             ;                  ;
; Logic element usage by number of LUT inputs ;                  ;
;     -- 4 input functions                    ; 16               ;
;     -- 3 input functions                    ; 22               ;
;     -- 2 input functions                    ; 10               ;
;     -- 1 input functions                    ; 0                ;
;     -- 0 input functions                    ; 0                ;
;                                             ;                  ;
; Logic elements by mode                      ;                  ;
;     -- normal mode                          ; 45               ;
;     -- arithmetic mode                      ; 3                ;
;     -- qfbk mode                            ; 0                ;
;     -- register cascade mode                ; 0                ;
;     -- synchronous clear/load mode          ; 0                ;
;     -- asynchronous clear/load mode         ; 0                ;
;                                             ;                  ;
; Total registers                             ; 15 / 80 ( 19 % ) ;
; Total LABs                                  ; 5 / 8 ( 63 % )   ;
; Logic elements in carry chains              ; 4                ;
; Virtual pins                                ; 0                ;
; I/O pins                                    ; 36 / 79 ( 46 % ) ;
;     -- Clock pins                           ; 3 / 4 ( 75 % )   ;
;                                             ;                  ;
; Global signals                              ; 3                ;
; UFM blocks                                  ; 0 / 1 ( 0 % )    ;
; Global clocks                               ; 3 / 4 ( 75 % )   ;
; JTAGs                                       ; 0 / 1 ( 0 % )    ;
; Average interconnect usage (total/H/V)      ; 4% / 6% / 3%     ;
; Peak interconnect usage (total/H/V)         ; 4% / 6% / 3%     ;
; Maximum fan-out                             ; 15               ;
; Highest non-global fan-out                  ; 12               ;
; Total fan-out                               ; 202              ;
; Average fan-out                             ; 2.40             ;
+---------------------------------------------+------------------+


+-------------------------------------------------------------------------------------------------------------------------------------------------------------------------------------------------------------+
; Input Pins                                                                                                                                                                                                  ;
+------+-------+----------+--------------+--------------+-------------+-----------------------+--------------------+--------+-----------------+----------+--------------+--------------+----------------------+
; Name ; Pin # ; I/O Bank ; X coordinate ; Y coordinate ; Cell number ; Combinational Fan-Out ; Registered Fan-Out ; Global ; PCI I/O Enabled ; Bus Hold ; Weak Pull Up ; I/O Standard ; Location assigned by ;
+------+-------+----------+--------------+--------------+-------------+-----------------------+--------------------+--------+-----------------+----------+--------------+--------------+----------------------+
; clk  ; 14    ; 1        ; 1            ; 2            ; 0           ; 15                    ; 0                  ; yes    ; no              ; no       ; Off          ; 3.3-V LVTTL  ; Fitter               ;
+------+-------+----------+--------------+--------------+-------------+-----------------------+--------------------+--------+-----------------+----------+--------------+--------------+----------------------+


+-------------------------------------------------------------------------------------------------------------------------------------------------------------------------------------------------------------------------------------------------------------------------------------------------------------------------------------+
; Output Pins                                                                                                                                                                                                                                                                                                                         ;
+-------------------+-------+----------+--------------+--------------+-------------+-----------------+----------------+-----------------+------------+---------------+----------+--------------+--------------+------------------+------------------------+----------------------+-------+----------------------+---------------------+
; Name              ; Pin # ; I/O Bank ; X coordinate ; Y coordinate ; Cell number ; Output Register ; Slow Slew Rate ; PCI I/O Enabled ; Open Drain ; TRI Primitive ; Bus Hold ; Weak Pull Up ; I/O Standard ; Current Strength ; Fast Output Connection ; Location assigned by ; Load  ; Output Enable Source ; Output Enable Group ;
+-------------------+-------+----------+--------------+--------------+-------------+-----------------+----------------+-----------------+------------+---------------+----------+--------------+--------------+------------------+------------------------+----------------------+-------+----------------------+---------------------+
; memoryFunction[0] ; 100   ; 2        ; 2            ; 5            ; 2           ; no              ; no             ; no              ; no         ; no            ; no       ; Off          ; 3.3-V LVTTL  ; 16mA             ; no                     ; Fitter               ; 10 pF ; -                    ; -                   ;
; memoryFunction[1] ; 95    ; 2        ; 3            ; 5            ; 1           ; no              ; no             ; no              ; no         ; no            ; no       ; Off          ; 3.3-V LVTTL  ; 16mA             ; no                     ; Fitter               ; 10 pF ; -                    ; -                   ;
; memoryFunction[2] ; 5     ; 1        ; 1            ; 4            ; 3           ; no              ; no             ; no              ; no         ; no            ; no       ; Off          ; 3.3-V LVTTL  ; 16mA             ; no                     ; Fitter               ; 10 pF ; -                    ; -                   ;
; memoryFunction[3] ; 73    ; 2        ; 8            ; 4            ; 1           ; no              ; no             ; no              ; no         ; no            ; no       ; Off          ; 3.3-V LVTTL  ; 16mA             ; no                     ; Fitter               ; 10 pF ; -                    ; -                   ;
; memoryValue[0]    ; 70    ; 2        ; 8            ; 4            ; 4           ; no              ; no             ; no              ; no         ; no            ; no       ; Off          ; 3.3-V LVTTL  ; 16mA             ; no                     ; Fitter               ; 10 pF ; -                    ; -                   ;
; memoryValue[1]    ; 69    ; 2        ; 8            ; 3            ; 0           ; no              ; no             ; no              ; no         ; no            ; no       ; Off          ; 3.3-V LVTTL  ; 16mA             ; no                     ; Fitter               ; 10 pF ; -                    ; -                   ;
; memoryValue[2]    ; 84    ; 2        ; 6            ; 5            ; 3           ; no              ; no             ; no              ; no         ; no            ; no       ; Off          ; 3.3-V LVTTL  ; 16mA             ; no                     ; Fitter               ; 10 pF ; -                    ; -                   ;
; memoryValue[3]    ; 37    ; 1        ; 4            ; 0            ; 1           ; no              ; no             ; no              ; no         ; no            ; no       ; Off          ; 3.3-V LVTTL  ; 16mA             ; no                     ; Fitter               ; 10 pF ; -                    ; -                   ;
; outPC[0]          ; 12    ; 1        ; 1            ; 3            ; 3           ; no              ; no             ; no              ; no         ; no            ; no       ; Off          ; 3.3-V LVTTL  ; 16mA             ; no                     ; Fitter               ; 10 pF ; -                    ; -                   ;
; outPC[1]          ; 4     ; 1        ; 1            ; 4            ; 2           ; no              ; no             ; no              ; no         ; no            ; no       ; Off          ; 3.3-V LVTTL  ; 16mA             ; no                     ; Fitter               ; 10 pF ; -                    ; -                   ;
; outPC[2]          ; 68    ; 2        ; 8            ; 3            ; 1           ; no              ; no             ; no              ; no         ; no            ; no       ; Off          ; 3.3-V LVTTL  ; 16mA             ; no                     ; Fitter               ; 10 pF ; -                    ; -                   ;
; outPC[3]          ; 15    ; 1        ; 1            ; 2            ; 1           ; no              ; no             ; no              ; no         ; no            ; no       ; Off          ; 3.3-V LVTTL  ; 16mA             ; no                     ; Fitter               ; 10 pF ; -                    ; -                   ;
; outULA[0]         ; 96    ; 2        ; 3            ; 5            ; 2           ; no              ; no             ; no              ; no         ; no            ; no       ; Off          ; 3.3-V LVTTL  ; 16mA             ; no                     ; Fitter               ; 10 pF ; -                    ; -                   ;
; outULA[1]         ; 35    ; 1        ; 3            ; 0            ; 0           ; no              ; no             ; no              ; no         ; no            ; no       ; Off          ; 3.3-V LVTTL  ; 16mA             ; no                     ; Fitter               ; 10 pF ; -                    ; -                   ;
; outULA[2]         ; 97    ; 2        ; 3            ; 5            ; 3           ; no              ; no             ; no              ; no         ; no            ; no       ; Off          ; 3.3-V LVTTL  ; 16mA             ; no                     ; Fitter               ; 10 pF ; -                    ; -                   ;
; outULA[3]         ; 98    ; 2        ; 2            ; 5            ; 0           ; no              ; no             ; no              ; no         ; no            ; no       ; Off          ; 3.3-V LVTTL  ; 16mA             ; no                     ; Fitter               ; 10 pF ; -                    ; -                   ;
; outX[0]           ; 2     ; 1        ; 1            ; 4            ; 0           ; no              ; no             ; no              ; no         ; no            ; no       ; Off          ; 3.3-V LVTTL  ; 16mA             ; no                     ; Fitter               ; 10 pF ; -                    ; -                   ;
; outX[1]           ; 66    ; 2        ; 8            ; 3            ; 3           ; no              ; no             ; no              ; no         ; no            ; no       ; Off          ; 3.3-V LVTTL  ; 16mA             ; no                     ; Fitter               ; 10 pF ; -                    ; -                   ;
; outX[2]           ; 67    ; 2        ; 8            ; 3            ; 2           ; no              ; no             ; no              ; no         ; no            ; no       ; Off          ; 3.3-V LVTTL  ; 16mA             ; no                     ; Fitter               ; 10 pF ; -                    ; -                   ;
; outX[3]           ; 20    ; 1        ; 1            ; 1            ; 2           ; no              ; no             ; no              ; no         ; no            ; no       ; Off          ; 3.3-V LVTTL  ; 16mA             ; no                     ; Fitter               ; 10 pF ; -                    ; -                   ;
; outY[0]           ; 91    ; 2        ; 4            ; 5            ; 2           ; no              ; no             ; no              ; no         ; no            ; no       ; Off          ; 3.3-V LVTTL  ; 16mA             ; no                     ; Fitter               ; 10 pF ; -                    ; -                   ;
; outY[1]           ; 6     ; 1        ; 1            ; 3            ; 0           ; no              ; no             ; no              ; no         ; no            ; no       ; Off          ; 3.3-V LVTTL  ; 16mA             ; no                     ; Fitter               ; 10 pF ; -                    ; -                   ;
; outY[2]           ; 7     ; 1        ; 1            ; 3            ; 1           ; no              ; no             ; no              ; no         ; no            ; no       ; Off          ; 3.3-V LVTTL  ; 16mA             ; no                     ; Fitter               ; 10 pF ; -                    ; -                   ;
; outY[3]           ; 8     ; 1        ; 1            ; 3            ; 2           ; no              ; no             ; no              ; no         ; no            ; no       ; Off          ; 3.3-V LVTTL  ; 16mA             ; no                     ; Fitter               ; 10 pF ; -                    ; -                   ;
; outZ[0]           ; 87    ; 2        ; 5            ; 5            ; 2           ; no              ; no             ; no              ; no         ; no            ; no       ; Off          ; 3.3-V LVTTL  ; 16mA             ; no                     ; Fitter               ; 10 pF ; -                    ; -                   ;
; outZ[1]           ; 86    ; 2        ; 5            ; 5            ; 1           ; no              ; no             ; no              ; no         ; no            ; no       ; Off          ; 3.3-V LVTTL  ; 16mA             ; no                     ; Fitter               ; 10 pF ; -                    ; -                   ;
; outZ[2]           ; 83    ; 2        ; 6            ; 5            ; 2           ; no              ; no             ; no              ; no         ; no            ; no       ; Off          ; 3.3-V LVTTL  ; 16mA             ; no                     ; Fitter               ; 10 pF ; -                    ; -                   ;
; outZ[3]           ; 85    ; 2        ; 5            ; 5            ; 0           ; no              ; no             ; no              ; no         ; no            ; no       ; Off          ; 3.3-V LVTTL  ; 16mA             ; no                     ; Fitter               ; 10 pF ; -                    ; -                   ;
; tULA              ; 17    ; 1        ; 1            ; 2            ; 3           ; no              ; no             ; no              ; no         ; no            ; no       ; Off          ; 3.3-V LVTTL  ; 16mA             ; no                     ; Fitter               ; 10 pF ; -                    ; -                   ;
; tX[0]             ; 64    ; 2        ; 8            ; 3            ; 4           ; no              ; no             ; no              ; no         ; no            ; no       ; Off          ; 3.3-V LVTTL  ; 16mA             ; no                     ; Fitter               ; 10 pF ; -                    ; -                   ;
; tX[1]             ; 81    ; 2        ; 6            ; 5            ; 0           ; no              ; no             ; no              ; no         ; no            ; no       ; Off          ; 3.3-V LVTTL  ; 16mA             ; no                     ; Fitter               ; 10 pF ; -                    ; -                   ;
; tY[0]             ; 3     ; 1        ; 1            ; 4            ; 1           ; no              ; no             ; no              ; no         ; no            ; no       ; Off          ; 3.3-V LVTTL  ; 16mA             ; no                     ; Fitter               ; 10 pF ; -                    ; -                   ;
; tY[1]             ; 16    ; 1        ; 1            ; 2            ; 2           ; no              ; no             ; no              ; no         ; no            ; no       ; Off          ; 3.3-V LVTTL  ; 16mA             ; no                     ; Fitter               ; 10 pF ; -                    ; -                   ;
; tZ[0]             ; 88    ; 2        ; 5            ; 5            ; 3           ; no              ; no             ; no              ; no         ; no            ; no       ; Off          ; 3.3-V LVTTL  ; 16mA             ; no                     ; Fitter               ; 10 pF ; -                    ; -                   ;
; tZ[1]             ; 99    ; 2        ; 2            ; 5            ; 1           ; no              ; no             ; no              ; no         ; no            ; no       ; Off          ; 3.3-V LVTTL  ; 16mA             ; no                     ; Fitter               ; 10 pF ; -                    ; -                   ;
+-------------------+-------+----------+--------------+--------------+-------------+-----------------+----------------+-----------------+------------+---------------+----------+--------------+--------------+------------------+------------------------+----------------------+-------+----------------------+---------------------+


+------------------------------------------------------------+
; I/O Bank Usage                                             ;
+----------+------------------+---------------+--------------+
; I/O Bank ; Usage            ; VCCIO Voltage ; VREF Voltage ;
+----------+------------------+---------------+--------------+
; 1        ; 15 / 38 ( 39 % ) ; 3.3V          ; --           ;
; 2        ; 21 / 41 ( 51 % ) ; 3.3V          ; --           ;
+----------+------------------+---------------+--------------+


+-------------------------------------------------------------------------------------------------------------------------------------------------+
; All Package Pins                                                                                                                                ;
+----------+------------+----------+-------------------+--------+--------------+---------+------------+-----------------+----------+--------------+
; Location ; Pad Number ; I/O Bank ; Pin Name/Usage    ; Dir.   ; I/O Standard ; Voltage ; I/O Type   ; User Assignment ; Bus Hold ; Weak Pull Up ;
+----------+------------+----------+-------------------+--------+--------------+---------+------------+-----------------+----------+--------------+
; 1        ;            ;          ; GND               ; gnd    ;              ;         ; --         ;                 ; --       ; --           ;
; 2        ; 0          ; 1        ; outX[0]           ; output ; 3.3-V LVTTL  ;         ; Row I/O    ; N               ; no       ; Off          ;
; 3        ; 1          ; 1        ; tY[0]             ; output ; 3.3-V LVTTL  ;         ; Row I/O    ; N               ; no       ; Off          ;
; 4        ; 2          ; 1        ; outPC[1]          ; output ; 3.3-V LVTTL  ;         ; Row I/O    ; N               ; no       ; Off          ;
; 5        ; 3          ; 1        ; memoryFunction[2] ; output ; 3.3-V LVTTL  ;         ; Row I/O    ; N               ; no       ; Off          ;
; 6        ; 4          ; 1        ; outY[1]           ; output ; 3.3-V LVTTL  ;         ; Row I/O    ; N               ; no       ; Off          ;
; 7        ; 5          ; 1        ; outY[2]           ; output ; 3.3-V LVTTL  ;         ; Row I/O    ; N               ; no       ; Off          ;
; 8        ; 6          ; 1        ; outY[3]           ; output ; 3.3-V LVTTL  ;         ; Row I/O    ; N               ; no       ; Off          ;
; 9        ;            ; 1        ; VCCIO1            ; power  ;              ; 3.3V    ; --         ;                 ; --       ; --           ;
; 10       ;            ;          ; GND               ; gnd    ;              ;         ; --         ;                 ; --       ; --           ;
; 11       ;            ;          ; GND               ; gnd    ;              ;         ; --         ;                 ; --       ; --           ;
; 12       ; 7          ; 1        ; outPC[0]          ; output ; 3.3-V LVTTL  ;         ; Row I/O    ; N               ; no       ; Off          ;
; 13       ;            ;          ; VCCINT            ; power  ;              ; 1.8V    ; --         ;                 ; --       ; --           ;
; 14       ; 8          ; 1        ; clk               ; input  ; 3.3-V LVTTL  ;         ; Row I/O    ; N               ; no       ; Off          ;
; 15       ; 9          ; 1        ; outPC[3]          ; output ; 3.3-V LVTTL  ;         ; Row I/O    ; N               ; no       ; Off          ;
; 16       ; 10         ; 1        ; tY[1]             ; output ; 3.3-V LVTTL  ;         ; Row I/O    ; N               ; no       ; Off          ;
; 17       ; 11         ; 1        ; tULA              ; output ; 3.3-V LVTTL  ;         ; Row I/O    ; N               ; no       ; Off          ;
; 18       ; 12         ; 1        ; GND*              ;        ;              ;         ; Row I/O    ;                 ; no       ; Off          ;
; 19       ; 13         ; 1        ; GND*              ;        ;              ;         ; Row I/O    ;                 ; no       ; Off          ;
; 20       ; 14         ; 1        ; outX[3]           ; output ; 3.3-V LVTTL  ;         ; Row I/O    ; N               ; no       ; Off          ;
; 21       ; 15         ; 1        ; GND*              ;        ;              ;         ; Row I/O    ;                 ; no       ; Off          ;
; 22       ; 16         ; 1        ; #TMS              ; input  ;              ;         ; --         ;                 ; --       ; --           ;
; 23       ; 17         ; 1        ; #TDI              ; input  ;              ;         ; --         ;                 ; --       ; --           ;
; 24       ; 18         ; 1        ; #TCK              ; input  ;              ;         ; --         ;                 ; --       ; --           ;
; 25       ; 19         ; 1        ; #TDO              ; output ;              ;         ; --         ;                 ; --       ; --           ;
; 26       ; 20         ; 1        ; GND*              ;        ;              ;         ; Column I/O ;                 ; no       ; Off          ;
; 27       ; 21         ; 1        ; GND*              ;        ;              ;         ; Column I/O ;                 ; no       ; Off          ;
; 28       ; 22         ; 1        ; GND*              ;        ;              ;         ; Column I/O ;                 ; no       ; Off          ;
; 29       ; 23         ; 1        ; GND*              ;        ;              ;         ; Column I/O ;                 ; no       ; Off          ;
; 30       ; 24         ; 1        ; GND*              ;        ;              ;         ; Column I/O ;                 ; no       ; Off          ;
; 31       ;            ; 1        ; VCCIO1            ; power  ;              ; 3.3V    ; --         ;                 ; --       ; --           ;
; 32       ;            ;          ; GND               ; gnd    ;              ;         ; --         ;                 ; --       ; --           ;
; 33       ; 25         ; 1        ; GND*              ;        ;              ;         ; Column I/O ;                 ; no       ; Off          ;
; 34       ; 26         ; 1        ; GND*              ;        ;              ;         ; Column I/O ;                 ; no       ; Off          ;
; 35       ; 27         ; 1        ; outULA[1]         ; output ; 3.3-V LVTTL  ;         ; Column I/O ; N               ; no       ; Off          ;
; 36       ; 28         ; 1        ; GND*              ;        ;              ;         ; Column I/O ;                 ; no       ; Off          ;
; 37       ; 29         ; 1        ; memoryValue[3]    ; output ; 3.3-V LVTTL  ;         ; Column I/O ; N               ; no       ; Off          ;
; 38       ; 30         ; 1        ; GND*              ;        ;              ;         ; Column I/O ;                 ; no       ; Off          ;
; 39       ; 31         ; 1        ; GND*              ;        ;              ;         ; Column I/O ;                 ; no       ; Off          ;
; 40       ; 32         ; 1        ; GND*              ;        ;              ;         ; Column I/O ;                 ; no       ; Off          ;
; 41       ; 33         ; 1        ; GND*              ;        ;              ;         ; Column I/O ;                 ; no       ; Off          ;
; 42       ; 34         ; 1        ; GND*              ;        ;              ;         ; Column I/O ;                 ; no       ; Off          ;
; 43       ; 35         ; 1        ; GND*              ;        ;              ;         ; Column I/O ;                 ; no       ; Off          ;
; 44       ; 36         ; 1        ; GND*              ;        ;              ;         ; Column I/O ;                 ; no       ; Off          ;
; 45       ;            ; 1        ; VCCIO1            ; power  ;              ; 3.3V    ; --         ;                 ; --       ; --           ;
; 46       ;            ;          ; GND               ; gnd    ;              ;         ; --         ;                 ; --       ; --           ;
; 47       ; 37         ; 1        ; GND*              ;        ;              ;         ; Column I/O ;                 ; no       ; Off          ;
; 48       ; 38         ; 1        ; GND*              ;        ;              ;         ; Column I/O ;                 ; no       ; Off          ;
; 49       ; 39         ; 1        ; GND*              ;        ;              ;         ; Column I/O ;                 ; no       ; Off          ;
; 50       ; 40         ; 1        ; GND*              ;        ;              ;         ; Column I/O ;                 ; no       ; Off          ;
; 51       ; 41         ; 1        ; GND*              ;        ;              ;         ; Column I/O ;                 ; no       ; Off          ;
; 52       ; 42         ; 2        ; GND*              ;        ;              ;         ; Row I/O    ;                 ; no       ; Off          ;
; 53       ; 43         ; 2        ; GND*              ;        ;              ;         ; Row I/O    ;                 ; no       ; Off          ;
; 54       ; 44         ; 2        ; GND*              ;        ;              ;         ; Row I/O    ;                 ; no       ; Off          ;
; 55       ; 45         ; 2        ; GND*              ;        ;              ;         ; Row I/O    ;                 ; no       ; Off          ;
; 56       ; 46         ; 2        ; GND*              ;        ;              ;         ; Row I/O    ;                 ; no       ; Off          ;
; 57       ; 47         ; 2        ; GND*              ;        ;              ;         ; Row I/O    ;                 ; no       ; Off          ;
; 58       ; 48         ; 2        ; GND*              ;        ;              ;         ; Row I/O    ;                 ; no       ; Off          ;
; 59       ;            ; 2        ; VCCIO2            ; power  ;              ; 3.3V    ; --         ;                 ; --       ; --           ;
; 60       ;            ;          ; GND               ; gnd    ;              ;         ; --         ;                 ; --       ; --           ;
; 61       ; 49         ; 2        ; GND*              ;        ;              ;         ; Row I/O    ;                 ; no       ; Off          ;
; 62       ; 50         ; 2        ; GND*              ;        ;              ;         ; Row I/O    ;                 ; no       ; Off          ;
; 63       ;            ;          ; VCCINT            ; power  ;              ; 1.8V    ; --         ;                 ; --       ; --           ;
; 64       ; 51         ; 2        ; tX[0]             ; output ; 3.3-V LVTTL  ;         ; Row I/O    ; N               ; no       ; Off          ;
; 65       ;            ;          ; GND               ; gnd    ;              ;         ; --         ;                 ; --       ; --           ;
; 66       ; 52         ; 2        ; outX[1]           ; output ; 3.3-V LVTTL  ;         ; Row I/O    ; N               ; no       ; Off          ;
; 67       ; 53         ; 2        ; outX[2]           ; output ; 3.3-V LVTTL  ;         ; Row I/O    ; N               ; no       ; Off          ;
; 68       ; 54         ; 2        ; outPC[2]          ; output ; 3.3-V LVTTL  ;         ; Row I/O    ; N               ; no       ; Off          ;
; 69       ; 55         ; 2        ; memoryValue[1]    ; output ; 3.3-V LVTTL  ;         ; Row I/O    ; N               ; no       ; Off          ;
; 70       ; 56         ; 2        ; memoryValue[0]    ; output ; 3.3-V LVTTL  ;         ; Row I/O    ; N               ; no       ; Off          ;
; 71       ; 57         ; 2        ; GND*              ;        ;              ;         ; Row I/O    ;                 ; no       ; Off          ;
; 72       ; 58         ; 2        ; GND*              ;        ;              ;         ; Row I/O    ;                 ; no       ; Off          ;
; 73       ; 59         ; 2        ; memoryFunction[3] ; output ; 3.3-V LVTTL  ;         ; Row I/O    ; N               ; no       ; Off          ;
; 74       ; 60         ; 2        ; GND*              ;        ;              ;         ; Row I/O    ;                 ; no       ; Off          ;
; 75       ; 61         ; 2        ; GND*              ;        ;              ;         ; Column I/O ;                 ; no       ; Off          ;
; 76       ; 62         ; 2        ; GND*              ;        ;              ;         ; Column I/O ;                 ; no       ; Off          ;
; 77       ; 63         ; 2        ; GND*              ;        ;              ;         ; Column I/O ;                 ; no       ; Off          ;
; 78       ; 64         ; 2        ; GND*              ;        ;              ;         ; Column I/O ;                 ; no       ; Off          ;
; 79       ;            ;          ; GND               ; gnd    ;              ;         ; --         ;                 ; --       ; --           ;
; 80       ;            ; 2        ; VCCIO2            ; power  ;              ; 3.3V    ; --         ;                 ; --       ; --           ;
; 81       ; 65         ; 2        ; tX[1]             ; output ; 3.3-V LVTTL  ;         ; Column I/O ; N               ; no       ; Off          ;
; 82       ; 66         ; 2        ; GND*              ;        ;              ;         ; Column I/O ;                 ; no       ; Off          ;
; 83       ; 67         ; 2        ; outZ[2]           ; output ; 3.3-V LVTTL  ;         ; Column I/O ; N               ; no       ; Off          ;
; 84       ; 68         ; 2        ; memoryValue[2]    ; output ; 3.3-V LVTTL  ;         ; Column I/O ; N               ; no       ; Off          ;
; 85       ; 69         ; 2        ; outZ[3]           ; output ; 3.3-V LVTTL  ;         ; Column I/O ; N               ; no       ; Off          ;
; 86       ; 70         ; 2        ; outZ[1]           ; output ; 3.3-V LVTTL  ;         ; Column I/O ; N               ; no       ; Off          ;
; 87       ; 71         ; 2        ; outZ[0]           ; output ; 3.3-V LVTTL  ;         ; Column I/O ; N               ; no       ; Off          ;
; 88       ; 72         ; 2        ; tZ[0]             ; output ; 3.3-V LVTTL  ;         ; Column I/O ; N               ; no       ; Off          ;
; 89       ; 73         ; 2        ; GND*              ;        ;              ;         ; Column I/O ;                 ; no       ; Off          ;
; 90       ; 74         ; 2        ; GND*              ;        ;              ;         ; Column I/O ;                 ; no       ; Off          ;
; 91       ; 75         ; 2        ; outY[0]           ; output ; 3.3-V LVTTL  ;         ; Column I/O ; N               ; no       ; Off          ;
; 92       ; 76         ; 2        ; GND*              ;        ;              ;         ; Column I/O ;                 ; no       ; Off          ;
; 93       ;            ;          ; GND               ; gnd    ;              ;         ; --         ;                 ; --       ; --           ;
; 94       ;            ; 2        ; VCCIO2            ; power  ;              ; 3.3V    ; --         ;                 ; --       ; --           ;
; 95       ; 77         ; 2        ; memoryFunction[1] ; output ; 3.3-V LVTTL  ;         ; Column I/O ; N               ; no       ; Off          ;
; 96       ; 78         ; 2        ; outULA[0]         ; output ; 3.3-V LVTTL  ;         ; Column I/O ; N               ; no       ; Off          ;
; 97       ; 79         ; 2        ; outULA[2]         ; output ; 3.3-V LVTTL  ;         ; Column I/O ; N               ; no       ; Off          ;
; 98       ; 80         ; 2        ; outULA[3]         ; output ; 3.3-V LVTTL  ;         ; Column I/O ; N               ; no       ; Off          ;
; 99       ; 81         ; 2        ; tZ[1]             ; output ; 3.3-V LVTTL  ;         ; Column I/O ; N               ; no       ; Off          ;
; 100      ; 82         ; 2        ; memoryFunction[0] ; output ; 3.3-V LVTTL  ;         ; Column I/O ; N               ; no       ; Off          ;
+----------+------------+----------+-------------------+--------+--------------+---------+------------+-----------------+----------+--------------+
Note: Pin directions (input, output or bidir) are based on device operating in user mode.


+-------------------------------------------------------------+
; Output Pin Default Load For Reported TCO                    ;
+----------------------------+-------+------------------------+
; I/O Standard               ; Load  ; Termination Resistance ;
+----------------------------+-------+------------------------+
; 3.3-V LVTTL                ; 10 pF ; Not Available          ;
; 3.3-V LVCMOS               ; 10 pF ; Not Available          ;
; 2.5 V                      ; 10 pF ; Not Available          ;
; 1.8 V                      ; 10 pF ; Not Available          ;
; 1.5 V                      ; 10 pF ; Not Available          ;
; 3.3V Schmitt Trigger Input ; 10 pF ; Not Available          ;
; 2.5V Schmitt Trigger Input ; 10 pF ; Not Available          ;
; 1.2 V                      ; 10 pF ; Not Available          ;
; LVDS_E_3R                  ; 10 pF ; Not Available          ;
; RSDS_E_3R                  ; 10 pF ; Not Available          ;
+----------------------------+-------+------------------------+
Note: User assignments will override these defaults. The user specified values are listed in the Output Pins and Bidir Pins tables.


+--------------------------------------------------------------------------------------------------------------------------------------------------------------------------------------------------------------------------+
; Fitter Resource Utilization by Entity                                                                                                                                                                                    ;
+----------------------------+-------------+--------------+------------+------+--------------+--------------+-------------------+------------------+-----------------+------------+-------------------------+--------------+
; Compilation Hierarchy Node ; Logic Cells ; LC Registers ; UFM Blocks ; Pins ; Virtual Pins ; LUT-Only LCs ; Register-Only LCs ; LUT/Register LCs ; Carry Chain LCs ; Packed LCs ; Full Hierarchy Name     ; Library Name ;
+----------------------------+-------------+--------------+------------+------+--------------+--------------+-------------------+------------------+-----------------+------------+-------------------------+--------------+
; |CPU                       ; 48 (0)      ; 15           ; 0          ; 36   ; 0            ; 33 (0)       ; 0 (0)             ; 15 (0)           ; 4 (0)           ; 0 (0)      ; |CPU                    ; work         ;
;    |Memory:blockMemory|    ; 8 (8)       ; 0            ; 0          ; 0    ; 0            ; 8 (8)        ; 0 (0)             ; 0 (0)            ; 0 (0)           ; 0 (0)      ; |CPU|Memory:blockMemory ; work         ;
;    |PC:blockPC|            ; 4 (4)       ; 4            ; 0          ; 0    ; 0            ; 0 (0)        ; 0 (0)             ; 4 (4)            ; 0 (0)           ; 0 (0)      ; |CPU|PC:blockPC         ; work         ;
;    |Register:regX|         ; 4 (4)       ; 3            ; 0          ; 0    ; 0            ; 1 (1)        ; 0 (0)             ; 3 (3)            ; 0 (0)           ; 0 (0)      ; |CPU|Register:regX      ; work         ;
;    |Register:regY|         ; 6 (6)       ; 4            ; 0          ; 0    ; 0            ; 2 (2)        ; 0 (0)             ; 4 (4)            ; 0 (0)           ; 0 (0)      ; |CPU|Register:regY      ; work         ;
;    |Register:regZ|         ; 5 (5)       ; 4            ; 0          ; 0    ; 0            ; 1 (1)        ; 0 (0)             ; 4 (4)            ; 0 (0)           ; 0 (0)      ; |CPU|Register:regZ      ; work         ;
;    |UC:blockUC|            ; 13 (13)     ; 0            ; 0          ; 0    ; 0            ; 13 (13)      ; 0 (0)             ; 0 (0)            ; 0 (0)           ; 0 (0)      ; |CPU|UC:blockUC         ; work         ;
;    |ULA:blockULA|          ; 8 (8)       ; 0            ; 0          ; 0    ; 0            ; 8 (8)        ; 0 (0)             ; 0 (0)            ; 4 (4)           ; 0 (0)      ; |CPU|ULA:blockULA       ; work         ;
+----------------------------+-------------+--------------+------------+------+--------------+--------------+-------------------+------------------+-----------------+------------+-------------------------+--------------+
Note: For table entries with two numbers listed, the numbers in parentheses indicate the number of resources of the given type used by the specific entity alone. The numbers listed outside of parentheses indicate the total resources of the given type used by the specific entity and all of its sub-entities in the hierarchy.


+----------------------------------------------+
; Delay Chain Summary                          ;
+-------------------+----------+---------------+
; Name              ; Pin Type ; Pad to Core 0 ;
+-------------------+----------+---------------+
; outX[0]           ; Output   ; --            ;
; outX[1]           ; Output   ; --            ;
; outX[2]           ; Output   ; --            ;
; outX[3]           ; Output   ; --            ;
; outY[0]           ; Output   ; --            ;
; outY[1]           ; Output   ; --            ;
; outY[2]           ; Output   ; --            ;
; outY[3]           ; Output   ; --            ;
; outZ[0]           ; Output   ; --            ;
; outZ[1]           ; Output   ; --            ;
; outZ[2]           ; Output   ; --            ;
; outZ[3]           ; Output   ; --            ;
; outULA[0]         ; Output   ; --            ;
; outULA[1]         ; Output   ; --            ;
; outULA[2]         ; Output   ; --            ;
; outULA[3]         ; Output   ; --            ;
; tX[0]             ; Output   ; --            ;
; tX[1]             ; Output   ; --            ;
; tY[0]             ; Output   ; --            ;
; tY[1]             ; Output   ; --            ;
; tZ[0]             ; Output   ; --            ;
; tZ[1]             ; Output   ; --            ;
; tULA              ; Output   ; --            ;
; outPC[0]          ; Output   ; --            ;
; outPC[1]          ; Output   ; --            ;
; outPC[2]          ; Output   ; --            ;
; outPC[3]          ; Output   ; --            ;
; memoryValue[0]    ; Output   ; --            ;
; memoryValue[1]    ; Output   ; --            ;
; memoryValue[2]    ; Output   ; --            ;
; memoryValue[3]    ; Output   ; --            ;
; memoryFunction[0] ; Output   ; --            ;
; memoryFunction[1] ; Output   ; --            ;
; memoryFunction[2] ; Output   ; --            ;
; memoryFunction[3] ; Output   ; --            ;
; clk               ; Input    ; (0)           ;
+-------------------+----------+---------------+


+---------------------------------------------------------------------------------------------------------------------+
; Control Signals                                                                                                     ;
+---------------------------+-------------+---------+--------------+--------+----------------------+------------------+
; Name                      ; Location    ; Fan-Out ; Usage        ; Global ; Global Resource Used ; Global Line Name ;
+---------------------------+-------------+---------+--------------+--------+----------------------+------------------+
; Memory:blockMemory|Mux5~0 ; LC_X2_Y3_N4 ; 5       ; Latch enable ; yes    ; Global Clock         ; GCLK2            ;
; Register:regY|Mux0~0      ; LC_X3_Y3_N1 ; 3       ; Clock enable ; no     ; --                   ; --               ;
; Register:regZ|out[0]~0    ; LC_X5_Y3_N1 ; 3       ; Clock enable ; no     ; --                   ; --               ;
; UC:blockUC|Decoder0~0     ; LC_X2_Y3_N3 ; 6       ; Latch enable ; yes    ; Global Clock         ; GCLK3            ;
; clk                       ; PIN_14      ; 15      ; Clock        ; yes    ; Global Clock         ; GCLK1            ;
+---------------------------+-------------+---------+--------------+--------+----------------------+------------------+


+---------------------------------------------------------------------------------------------+
; Global & Other Fast Signals                                                                 ;
+---------------------------+-------------+---------+----------------------+------------------+
; Name                      ; Location    ; Fan-Out ; Global Resource Used ; Global Line Name ;
+---------------------------+-------------+---------+----------------------+------------------+
; Memory:blockMemory|Mux5~0 ; LC_X2_Y3_N4 ; 5       ; Global Clock         ; GCLK2            ;
; UC:blockUC|Decoder0~0     ; LC_X2_Y3_N3 ; 6       ; Global Clock         ; GCLK3            ;
; clk                       ; PIN_14      ; 15      ; Global Clock         ; GCLK1            ;
+---------------------------+-------------+---------+----------------------+------------------+


+----------------------------------------+
; Non-Global High Fan-Out Signals        ;
+------------------------------+---------+
; Name                         ; Fan-Out ;
+------------------------------+---------+
; UC:blockUC|tX[1]             ; 12      ;
; Memory:blockMemory|func[1]   ; 9       ;
; PC:blockPC|out[2]            ; 9       ;
; PC:blockPC|out[1]            ; 9       ;
; PC:blockPC|out[0]            ; 9       ;
; Memory:blockMemory|func[2]   ; 8       ;
; Memory:blockMemory|func[0]   ; 8       ;
; UC:blockUC|tY[1]             ; 8       ;
; UC:blockUC|tZ[0]             ; 7       ;
; UC:blockUC|tULA              ; 7       ;
; PC:blockPC|out[3]            ; 6       ;
; UC:blockUC|tY[0]             ; 5       ;
; UC:blockUC|tX[0]             ; 5       ;
; Register:regY|out[3]         ; 5       ;
; Register:regY|out[2]         ; 4       ;
; Register:regY|out[1]         ; 4       ;
; Register:regX|out[2]         ; 4       ;
; Register:regX|out[1]         ; 4       ;
; Memory:blockMemory|value[2]  ; 3       ;
; Memory:blockMemory|value[1]  ; 3       ;
; Register:regZ|out[0]~0       ; 3       ;
; Register:regY|Mux0~0         ; 3       ;
; Register:regY|Mux3~0         ; 3       ;
; Register:regZ|out[3]         ; 3       ;
; Register:regY|out[0]         ; 3       ;
; Register:regX|out[0]         ; 3       ;
; ULA:blockULA|out[3]~3        ; 2       ;
; ULA:blockULA|Add0~10         ; 2       ;
; ULA:blockULA|Add0~5          ; 2       ;
; ULA:blockULA|Add0~0          ; 2       ;
; Register:regZ|out[2]         ; 2       ;
; Register:regZ|out[1]         ; 2       ;
; Memory:blockMemory|Mux1~0    ; 1       ;
; Memory:blockMemory|Mux0~0    ; 1       ;
; UC:blockUC|Mux0~0            ; 1       ;
; UC:blockUC|Mux4~1            ; 1       ;
; UC:blockUC|Mux1~0            ; 1       ;
; UC:blockUC|Mux4~0            ; 1       ;
; UC:blockUC|Mux3~0            ; 1       ;
; UC:blockUC|tULA~0            ; 1       ;
; Register:regX|Mux2~0         ; 1       ;
; ULA:blockULA|Add0~15         ; 1       ;
; ULA:blockULA|out[2]~2        ; 1       ;
; ULA:blockULA|Add0~12COUT1_29 ; 1       ;
; ULA:blockULA|Add0~12         ; 1       ;
; ULA:blockULA|out[1]~1        ; 1       ;
; ULA:blockULA|Add0~7COUT1_27  ; 1       ;
; ULA:blockULA|Add0~7          ; 1       ;
; ULA:blockULA|out[0]~0        ; 1       ;
; ULA:blockULA|Add0~2COUT1_25  ; 1       ;
; ULA:blockULA|Add0~2          ; 1       ;
; Register:regZ|out[0]         ; 1       ;
+------------------------------+---------+


+-------------------------------------------+
; Routing Usage Summary                     ;
+-----------------------+-------------------+
; Routing Resource Type ; Usage             ;
+-----------------------+-------------------+
; C4s                   ; 27 / 784 ( 3 % )  ;
; Direct links          ; 22 / 888 ( 2 % )  ;
; Global clocks         ; 3 / 4 ( 75 % )    ;
; LAB clocks            ; 9 / 32 ( 28 % )   ;
; LUT chains            ; 9 / 216 ( 4 % )   ;
; Local interconnects   ; 91 / 888 ( 10 % ) ;
; R4s                   ; 40 / 704 ( 6 % )  ;
+-----------------------+-------------------+


+--------------------------------------------------------------------------+
; LAB Logic Elements                                                       ;
+--------------------------------------------+-----------------------------+
; Number of Logic Elements  (Average = 9.60) ; Number of LABs  (Total = 5) ;
+--------------------------------------------+-----------------------------+
; 1                                          ; 0                           ;
; 2                                          ; 0                           ;
; 3                                          ; 0                           ;
; 4                                          ; 0                           ;
; 5                                          ; 0                           ;
; 6                                          ; 0                           ;
; 7                                          ; 0                           ;
; 8                                          ; 1                           ;
; 9                                          ; 0                           ;
; 10                                         ; 4                           ;
+--------------------------------------------+-----------------------------+


+------------------------------------------------------------------+
; LAB-wide Signals                                                 ;
+------------------------------------+-----------------------------+
; LAB-wide Signals  (Average = 1.00) ; Number of LABs  (Total = 5) ;
+------------------------------------+-----------------------------+
; 1 Clock                            ; 4                           ;
; 1 Clock enable                     ; 1                           ;
+------------------------------------+-----------------------------+


+---------------------------------------------------------------------------+
; LAB Signals Sourced                                                       ;
+---------------------------------------------+-----------------------------+
; Number of Signals Sourced  (Average = 9.60) ; Number of LABs  (Total = 5) ;
+---------------------------------------------+-----------------------------+
; 0                                           ; 0                           ;
; 1                                           ; 0                           ;
; 2                                           ; 0                           ;
; 3                                           ; 0                           ;
; 4                                           ; 0                           ;
; 5                                           ; 0                           ;
; 6                                           ; 0                           ;
; 7                                           ; 0                           ;
; 8                                           ; 1                           ;
; 9                                           ; 0                           ;
; 10                                          ; 4                           ;
+---------------------------------------------+-----------------------------+


+-------------------------------------------------------------------------------+
; LAB Signals Sourced Out                                                       ;
+-------------------------------------------------+-----------------------------+
; Number of Signals Sourced Out  (Average = 8.60) ; Number of LABs  (Total = 5) ;
+-------------------------------------------------+-----------------------------+
; 0                                               ; 0                           ;
; 1                                               ; 0                           ;
; 2                                               ; 0                           ;
; 3                                               ; 0                           ;
; 4                                               ; 0                           ;
; 5                                               ; 0                           ;
; 6                                               ; 0                           ;
; 7                                               ; 1                           ;
; 8                                               ; 1                           ;
; 9                                               ; 2                           ;
; 10                                              ; 1                           ;
+-------------------------------------------------+-----------------------------+


+---------------------------------------------------------------------------+
; LAB Distinct Inputs                                                       ;
+---------------------------------------------+-----------------------------+
; Number of Distinct Inputs  (Average = 9.60) ; Number of LABs  (Total = 5) ;
+---------------------------------------------+-----------------------------+
; 0                                           ; 0                           ;
; 1                                           ; 0                           ;
; 2                                           ; 0                           ;
; 3                                           ; 0                           ;
; 4                                           ; 0                           ;
; 5                                           ; 2                           ;
; 6                                           ; 0                           ;
; 7                                           ; 0                           ;
; 8                                           ; 0                           ;
; 9                                           ; 1                           ;
; 10                                          ; 1                           ;
; 11                                          ; 0                           ;
; 12                                          ; 0                           ;
; 13                                          ; 0                           ;
; 14                                          ; 0                           ;
; 15                                          ; 0                           ;
; 16                                          ; 0                           ;
; 17                                          ; 0                           ;
; 18                                          ; 0                           ;
; 19                                          ; 1                           ;
+---------------------------------------------+-----------------------------+


+-------------------------------------------------------------------------+
; Fitter Device Options                                                   ;
+----------------------------------------------+--------------------------+
; Option                                       ; Setting                  ;
+----------------------------------------------+--------------------------+
; Enable user-supplied start-up clock (CLKUSR) ; Off                      ;
; Enable device-wide reset (DEV_CLRn)          ; Off                      ;
; Enable device-wide output enable (DEV_OE)    ; Off                      ;
; Enable INIT_DONE output                      ; Off                      ;
; Configuration scheme                         ; Passive Serial           ;
; Reserve all unused pins                      ; As output driving ground ;
; Base pin-out file on sameframe device        ; Off                      ;
+----------------------------------------------+--------------------------+


+-----------------+
; Fitter Messages ;
+-----------------+
Info (20030): Parallel compilation is enabled and will use 4 of the 4 processors detected
Info (119004): Automatically selected device 5M80ZT100C4 for design CPU
Info (119005): Fitting design with smaller device may be possible, but smaller device must be specified
Info (171003): Fitter is performing an Auto Fit compilation, which may decrease Fitter effort to reduce compilation time
Warning (292013): Feature LogicLock is only available with a valid subscription license. You can purchase a software subscription to gain full access to this feature.
Info (176444): Device migration not selected. If you intend to use device migration later, you may need to change the pin assignments as they may be incompatible with other devices
    Info (176445): Device 5M160ZT100C4 is compatible
    Info (176445): Device 5M240ZT100C4 is compatible
    Info (176445): Device 5M570ZT100C4 is compatible
Critical Warning (169085): No exact pin location assignment(s) for 36 pins of 36 total pins
    Info (169086): Pin outX[0] not assigned to an exact location on the device
    Info (169086): Pin outX[1] not assigned to an exact location on the device
    Info (169086): Pin outX[2] not assigned to an exact location on the device
    Info (169086): Pin outX[3] not assigned to an exact location on the device
    Info (169086): Pin outY[0] not assigned to an exact location on the device
    Info (169086): Pin outY[1] not assigned to an exact location on the device
    Info (169086): Pin outY[2] not assigned to an exact location on the device
    Info (169086): Pin outY[3] not assigned to an exact location on the device
    Info (169086): Pin outZ[0] not assigned to an exact location on the device
    Info (169086): Pin outZ[1] not assigned to an exact location on the device
    Info (169086): Pin outZ[2] not assigned to an exact location on the device
    Info (169086): Pin outZ[3] not assigned to an exact location on the device
    Info (169086): Pin outULA[0] not assigned to an exact location on the device
    Info (169086): Pin outULA[1] not assigned to an exact location on the device
    Info (169086): Pin outULA[2] not assigned to an exact location on the device
    Info (169086): Pin outULA[3] not assigned to an exact location on the device
    Info (169086): Pin tX[0] not assigned to an exact location on the device
    Info (169086): Pin tX[1] not assigned to an exact location on the device
    Info (169086): Pin tY[0] not assigned to an exact location on the device
    Info (169086): Pin tY[1] not assigned to an exact location on the device
    Info (169086): Pin tZ[0] not assigned to an exact location on the device
    Info (169086): Pin tZ[1] not assigned to an exact location on the device
    Info (169086): Pin tULA not assigned to an exact location on the device
    Info (169086): Pin outPC[0] not assigned to an exact location on the device
    Info (169086): Pin outPC[1] not assigned to an exact location on the device
    Info (169086): Pin outPC[2] not assigned to an exact location on the device
    Info (169086): Pin outPC[3] not assigned to an exact location on the device
    Info (169086): Pin memoryValue[0] not assigned to an exact location on the device
    Info (169086): Pin memoryValue[1] not assigned to an exact location on the device
    Info (169086): Pin memoryValue[2] not assigned to an exact location on the device
    Info (169086): Pin memoryValue[3] not assigned to an exact location on the device
    Info (169086): Pin memoryFunction[0] not assigned to an exact location on the device
    Info (169086): Pin memoryFunction[1] not assigned to an exact location on the device
    Info (169086): Pin memoryFunction[2] not assigned to an exact location on the device
    Info (169086): Pin memoryFunction[3] not assigned to an exact location on the device
    Info (169086): Pin clk not assigned to an exact location on the device
Warning (335093): TimeQuest Timing Analyzer is analyzing 11 combinational loops as latches.
Critical Warning (332012): Synopsys Design Constraints File file not found: 'CPU.sdc'. A Synopsys Design Constraints File is required by the TimeQuest Timing Analyzer to get proper timing constraints. Without it, the Compiler will not properly optimize the design.
Info (332144): No user constrained base clocks found in the design
Info (332128): Timing requirements not specified -- optimizing circuit to achieve the following default global requirements
    Info (332127): Assuming a default timing requirement
Info (332111): Found 3 clocks
    Info (332111):   Period   Clock Name
    Info (332111): ======== ============
    Info (332111):    1.000          clk
    Info (332111):    1.000 Memory:blockMemory|func[0]
    Info (332111):    1.000 PC:blockPC|out[0]
Info (186079): Completed User Assigned Global Signals Promotion Operation
Info (186215): Automatically promoted signal "clk" to use Global clock in PIN 14
Info (186215): Automatically promoted signal "UC:blockUC|Decoder0~0" to use Global clock
Info (186215): Automatically promoted signal "Memory:blockMemory|Mux5~0" to use Global clock
Info (186079): Completed Auto Global Promotion Operation
Info (176234): Starting register packing
Info (186468): Started processing fast register assignments
Info (186469): Finished processing fast register assignments
Info (176235): Finished register packing
Info (176214): Statistics of I/O pins that need to be placed that use the same VCCIO and VREF, before I/O pin placement
    Info (176211): Number of I/O pins in group: 35 (unused VREF, 3.3V VCCIO, 0 input, 35 output, 0 bidirectional)
        Info (176212): I/O standards used: 3.3-V LVTTL.
Info (176215): I/O bank details before I/O pin placement
    Info (176214): Statistics of I/O banks
        Info (176213): I/O bank number 1 does not use VREF pins and has undetermined VCCIO pins. 1 total pin(s) used --  37 pins available
        Info (176213): I/O bank number 2 does not use VREF pins and has undetermined VCCIO pins. 0 total pin(s) used --  41 pins available
Info (171121): Fitter preparation operations ending: elapsed time is 00:00:00
Info (170189): Fitter placement preparation operations beginning
Info (170190): Fitter placement preparation operations ending: elapsed time is 00:00:00
Info (170191): Fitter placement operations beginning
Info (170137): Fitter placement was successful
Info (170192): Fitter placement operations ending: elapsed time is 00:00:01
Info (170193): Fitter routing operations beginning
Info (170195): Router estimated average interconnect usage is 3% of the available device resources
    Info (170196): Router estimated peak interconnect usage is 3% of the available device resources in the region that extends from location X0_Y0 to location X8_Y5
Info (170194): Fitter routing operations ending: elapsed time is 00:00:01
Info (170199): The Fitter performed an Auto Fit compilation.  Optimizations were skipped to reduce compilation time.
    Info (170201): Optimizations that may affect the design's routability were skipped
Info (11888): Total time spent on timing analysis during the Fitter is 0.51 seconds.
Info (11218): Fitter post-fit operations ending: elapsed time is 00:00:00
Warning (169174): The Reserve All Unused Pins setting has not been specified, and will default to 'As output driving ground'.
Info (144001): Generated suppressed messages file /home/CIN/phts/Desktop/CPU/output_files/CPU.fit.smsg
Info: Quartus II 64-Bit Fitter was successful. 0 errors, 5 warnings
    Info: Peak virtual memory: 787 megabytes
    Info: Processing ended: Tue Dec 13 19:19:37 2016
    Info: Elapsed time: 00:00:05
    Info: Total CPU time (on all processors): 00:00:06


+----------------------------+
; Fitter Suppressed Messages ;
+----------------------------+
The suppressed messages can be found in /home/CIN/phts/Desktop/CPU/output_files/CPU.fit.smsg.


